[
  {
    "type": "heading",
    "variant": "h1",
    "content": "HEADING LEVEL 1"
  },
  {
    "type": "heading",
    "variant": "h2",
    "content": "HEADING LEVEL 2"
  },
  {
    "type": "heading",
    "variant": "h1",
    "content": "Heading Level 1"
  },
  {
    "type": "heading",
    "variant": "h2",
    "content": "HEADING LEVEL 2"
  },
  {
    "type": "heading",
    "variant": "h3",
    "content": "HEADING LEVEL 3"
  },
  {
    "type": "heading",
    "variant": "h4",
    "content": "HEADING LEVEL 4"
  },

  {
    "type": "heading",
    "variant": "h5",
    "content": "HEADING LEVEL 5"
  },

  {
    "type": "heading",
    "variant": "h6",
    "content": "HEADING LEVEL 6"
  },
  {
    "type": "paragraph",
    "children": [
      {
        "type": "span",
        "content": "Here comes a paragraph of text.",
        "attributes": []
      },
      {
        "type": "lineBreak"
      },
      {
        "type": "span",
        "content": "This text is not going be separated by any breaks. Unless has 2 spaces at the end of the line.",
        "attributes": []
      },
      {
        "type": "lineBreak"
      },
      {
        "type": "span",
        "content": "in a paragraph, you can have multiple lines of text.",
        "attributes": []
      }
    ]
  },
  {
    "type": "paragraph",
    "children": [
      {
        "type": "span",
        "content": "This is a new paragraph, as seen there is a blank line between the two paragraphs.",
        "attributes": []
      }
    ]
  }
]
