[
  {
    "type": "paragraph",
    "children": [
      {
        "type": "span",
        "content": "Here comes a paragraph of text.",
        "attributes": []
      },
      {
        "type": "lineBreak"
      },
      {
        "type": "span",
        "content": "This text is not going be separated by any breaks. Unless has 2 spaces at the end of the line.",
        "attributes": []
      },
      {
        "type": "lineBreak"
      },
      {
        "type": "span",
        "content": "in a paragraph, you can have multiple lines of text.",
        "attributes": []
      }
    ]
  }
]
